// Jest Snapshot v1, https://goo.gl/fbAQLP

exports[`it should match snapshot 1`] = `
<div>
  <div
    class="MuiPaper-root MuiPaper-elevation MuiPaper-rounded MuiPaper-elevation1 MuiCard-root css-t1sepn-MuiPaper-root-MuiCard-root-cardContainer"
  >
    <div
      class="MuiCardMedia-root css-1mv33r3-MuiCardMedia-root-media"
    >
      <svg
        aria-hidden="true"
        fill="none"
        stroke="currentColor"
        stroke-width="2"
        viewBox="0 0 24 24"
        xmlns="http://www.w3.org/2000/svg"
      >
        <path
          d="M4.318 6.318a4.5 4.5 0 000 6.364L12 20.364l7.682-7.682a4.5 4.5 0 00-6.364-6.364L12 7.636l-1.318-1.318a4.5 4.5 0 00-6.364 0z"
          stroke-linecap="round"
          stroke-linejoin="round"
        />
      </svg>
    </div>
    <div
      class="MuiCardContent-root css-3dotsu-MuiCardContent-root-content"
    >
      4
    </div>
  </div>
</div>
`;
